Line Number: 1 Start position: 0 CLASS class null
Line Number: 1 Start position: 6 IDENTIFIER Foo null
Line Number: 1 Start position: 10 LEFT_BRACE { null
Line Number: 2 Start position: 14 IDENTIFIER bar null
Line Number: 2 Start position: 17 LEFT_PAREN ( null
Line Number: 2 Start position: 18 RIGHT_PAREN ) null
Line Number: 2 Start position: 20 LEFT_BRACE { null
Line Number: 2 Start position: 22 RETURN return null
Line Number: 2 Start position: 29 THIS this null
Line Number: 2 Start position: 33 SEMICOLON ; null
Line Number: 2 Start position: 35 RIGHT_BRACE } null
Line Number: 3 Start position: 39 IDENTIFIER baz null
Line Number: 3 Start position: 42 LEFT_PAREN ( null
Line Number: 3 Start position: 43 RIGHT_PAREN ) null
Line Number: 3 Start position: 45 LEFT_BRACE { null
Line Number: 3 Start position: 47 RETURN return null
Line Number: 3 Start position: 54 STRING "baz" baz
Line Number: 3 Start position: 59 SEMICOLON ; null
Line Number: 3 Start position: 61 RIGHT_BRACE } null
Line Number: 4 Start position: 63 RIGHT_BRACE } null
Line Number: 6 Start position: 66 PRINT print null
Line Number: 6 Start position: 72 IDENTIFIER Foo null
Line Number: 6 Start position: 75 LEFT_PAREN ( null
Line Number: 6 Start position: 76 RIGHT_PAREN ) null
Line Number: 6 Start position: 77 DOT . null
Line Number: 6 Start position: 78 IDENTIFIER bar null
Line Number: 6 Start position: 81 LEFT_PAREN ( null
Line Number: 6 Start position: 82 RIGHT_PAREN ) null
Line Number: 6 Start position: 83 DOT . null
Line Number: 6 Start position: 84 IDENTIFIER baz null
Line Number: 6 Start position: 87 LEFT_PAREN ( null
Line Number: 6 Start position: 88 RIGHT_PAREN ) null
Line Number: 6 Start position: 89 SEMICOLON ; null
Line Number: 7 Start position: 105 EOF  null
