Line Number: 1 Start position: 0 CLASS class null
Line Number: 1 Start position: 6 IDENTIFIER Foo null
Line Number: 1 Start position: 10 LEFT_BRACE { null
Line Number: 2 Start position: 14 IDENTIFIER method0 null
Line Number: 2 Start position: 21 LEFT_PAREN ( null
Line Number: 2 Start position: 22 RIGHT_PAREN ) null
Line Number: 2 Start position: 24 LEFT_BRACE { null
Line Number: 2 Start position: 26 RETURN return null
Line Number: 2 Start position: 33 STRING "no args" no args
Line Number: 2 Start position: 42 SEMICOLON ; null
Line Number: 2 Start position: 44 RIGHT_BRACE } null
Line Number: 3 Start position: 48 IDENTIFIER method1 null
Line Number: 3 Start position: 55 LEFT_PAREN ( null
Line Number: 3 Start position: 56 IDENTIFIER a null
Line Number: 3 Start position: 57 RIGHT_PAREN ) null
Line Number: 3 Start position: 59 LEFT_BRACE { null
Line Number: 3 Start position: 61 RETURN return null
Line Number: 3 Start position: 68 IDENTIFIER a null
Line Number: 3 Start position: 69 SEMICOLON ; null
Line Number: 3 Start position: 71 RIGHT_BRACE } null
Line Number: 4 Start position: 75 IDENTIFIER method2 null
Line Number: 4 Start position: 82 LEFT_PAREN ( null
Line Number: 4 Start position: 83 IDENTIFIER a null
Line Number: 4 Start position: 84 COMMA , null
Line Number: 4 Start position: 86 IDENTIFIER b null
Line Number: 4 Start position: 87 RIGHT_PAREN ) null
Line Number: 4 Start position: 89 LEFT_BRACE { null
Line Number: 4 Start position: 91 RETURN return null
Line Number: 4 Start position: 98 IDENTIFIER a null
Line Number: 4 Start position: 100 PLUS + null
Line Number: 4 Start position: 102 IDENTIFIER b null
Line Number: 4 Start position: 103 SEMICOLON ; null
Line Number: 4 Start position: 105 RIGHT_BRACE } null
Line Number: 5 Start position: 109 IDENTIFIER method3 null
Line Number: 5 Start position: 116 LEFT_PAREN ( null
Line Number: 5 Start position: 117 IDENTIFIER a null
Line Number: 5 Start position: 118 COMMA , null
Line Number: 5 Start position: 120 IDENTIFIER b null
Line Number: 5 Start position: 121 COMMA , null
Line Number: 5 Start position: 123 IDENTIFIER c null
Line Number: 5 Start position: 124 RIGHT_PAREN ) null
Line Number: 5 Start position: 126 LEFT_BRACE { null
Line Number: 5 Start position: 128 RETURN return null
Line Number: 5 Start position: 135 IDENTIFIER a null
Line Number: 5 Start position: 137 PLUS + null
Line Number: 5 Start position: 139 IDENTIFIER b null
Line Number: 5 Start position: 141 PLUS + null
Line Number: 5 Start position: 143 IDENTIFIER c null
Line Number: 5 Start position: 144 SEMICOLON ; null
Line Number: 5 Start position: 146 RIGHT_BRACE } null
Line Number: 6 Start position: 150 IDENTIFIER method4 null
Line Number: 6 Start position: 157 LEFT_PAREN ( null
Line Number: 6 Start position: 158 IDENTIFIER a null
Line Number: 6 Start position: 159 COMMA , null
Line Number: 6 Start position: 161 IDENTIFIER b null
Line Number: 6 Start position: 162 COMMA , null
Line Number: 6 Start position: 164 IDENTIFIER c null
Line Number: 6 Start position: 165 COMMA , null
Line Number: 6 Start position: 167 IDENTIFIER d null
Line Number: 6 Start position: 168 RIGHT_PAREN ) null
Line Number: 6 Start position: 170 LEFT_BRACE { null
Line Number: 6 Start position: 172 RETURN return null
Line Number: 6 Start position: 179 IDENTIFIER a null
Line Number: 6 Start position: 181 PLUS + null
Line Number: 6 Start position: 183 IDENTIFIER b null
Line Number: 6 Start position: 185 PLUS + null
Line Number: 6 Start position: 187 IDENTIFIER c null
Line Number: 6 Start position: 189 PLUS + null
Line Number: 6 Start position: 191 IDENTIFIER d null
Line Number: 6 Start position: 192 SEMICOLON ; null
Line Number: 6 Start position: 194 RIGHT_BRACE } null
Line Number: 7 Start position: 198 IDENTIFIER method5 null
Line Number: 7 Start position: 205 LEFT_PAREN ( null
Line Number: 7 Start position: 206 IDENTIFIER a null
Line Number: 7 Start position: 207 COMMA , null
Line Number: 7 Start position: 209 IDENTIFIER b null
Line Number: 7 Start position: 210 COMMA , null
Line Number: 7 Start position: 212 IDENTIFIER c null
Line Number: 7 Start position: 213 COMMA , null
Line Number: 7 Start position: 215 IDENTIFIER d null
Line Number: 7 Start position: 216 COMMA , null
Line Number: 7 Start position: 218 IDENTIFIER e null
Line Number: 7 Start position: 219 RIGHT_PAREN ) null
Line Number: 7 Start position: 221 LEFT_BRACE { null
Line Number: 7 Start position: 223 RETURN return null
Line Number: 7 Start position: 230 IDENTIFIER a null
Line Number: 7 Start position: 232 PLUS + null
Line Number: 7 Start position: 234 IDENTIFIER b null
Line Number: 7 Start position: 236 PLUS + null
Line Number: 7 Start position: 238 IDENTIFIER c null
Line Number: 7 Start position: 240 PLUS + null
Line Number: 7 Start position: 242 IDENTIFIER d null
Line Number: 7 Start position: 244 PLUS + null
Line Number: 7 Start position: 246 IDENTIFIER e null
Line Number: 7 Start position: 247 SEMICOLON ; null
Line Number: 7 Start position: 249 RIGHT_BRACE } null
Line Number: 8 Start position: 253 IDENTIFIER method6 null
Line Number: 8 Start position: 260 LEFT_PAREN ( null
Line Number: 8 Start position: 261 IDENTIFIER a null
Line Number: 8 Start position: 262 COMMA , null
Line Number: 8 Start position: 264 IDENTIFIER b null
Line Number: 8 Start position: 265 COMMA , null
Line Number: 8 Start position: 267 IDENTIFIER c null
Line Number: 8 Start position: 268 COMMA , null
Line Number: 8 Start position: 270 IDENTIFIER d null
Line Number: 8 Start position: 271 COMMA , null
Line Number: 8 Start position: 273 IDENTIFIER e null
Line Number: 8 Start position: 274 COMMA , null
Line Number: 8 Start position: 276 IDENTIFIER f null
Line Number: 8 Start position: 277 RIGHT_PAREN ) null
Line Number: 8 Start position: 279 LEFT_BRACE { null
Line Number: 8 Start position: 281 RETURN return null
Line Number: 8 Start position: 288 IDENTIFIER a null
Line Number: 8 Start position: 290 PLUS + null
Line Number: 8 Start position: 292 IDENTIFIER b null
Line Number: 8 Start position: 294 PLUS + null
Line Number: 8 Start position: 296 IDENTIFIER c null
Line Number: 8 Start position: 298 PLUS + null
Line Number: 8 Start position: 300 IDENTIFIER d null
Line Number: 8 Start position: 302 PLUS + null
Line Number: 8 Start position: 304 IDENTIFIER e null
Line Number: 8 Start position: 306 PLUS + null
Line Number: 8 Start position: 308 IDENTIFIER f null
Line Number: 8 Start position: 309 SEMICOLON ; null
Line Number: 8 Start position: 311 RIGHT_BRACE } null
Line Number: 9 Start position: 315 IDENTIFIER method7 null
Line Number: 9 Start position: 322 LEFT_PAREN ( null
Line Number: 9 Start position: 323 IDENTIFIER a null
Line Number: 9 Start position: 324 COMMA , null
Line Number: 9 Start position: 326 IDENTIFIER b null
Line Number: 9 Start position: 327 COMMA , null
Line Number: 9 Start position: 329 IDENTIFIER c null
Line Number: 9 Start position: 330 COMMA , null
Line Number: 9 Start position: 332 IDENTIFIER d null
Line Number: 9 Start position: 333 COMMA , null
Line Number: 9 Start position: 335 IDENTIFIER e null
Line Number: 9 Start position: 336 COMMA , null
Line Number: 9 Start position: 338 IDENTIFIER f null
Line Number: 9 Start position: 339 COMMA , null
Line Number: 9 Start position: 341 IDENTIFIER g null
Line Number: 9 Start position: 342 RIGHT_PAREN ) null
Line Number: 9 Start position: 344 LEFT_BRACE { null
Line Number: 9 Start position: 346 RETURN return null
Line Number: 9 Start position: 353 IDENTIFIER a null
Line Number: 9 Start position: 355 PLUS + null
Line Number: 9 Start position: 357 IDENTIFIER b null
Line Number: 9 Start position: 359 PLUS + null
Line Number: 9 Start position: 361 IDENTIFIER c null
Line Number: 9 Start position: 363 PLUS + null
Line Number: 9 Start position: 365 IDENTIFIER d null
Line Number: 9 Start position: 367 PLUS + null
Line Number: 9 Start position: 369 IDENTIFIER e null
Line Number: 9 Start position: 371 PLUS + null
Line Number: 9 Start position: 373 IDENTIFIER f null
Line Number: 9 Start position: 375 PLUS + null
Line Number: 9 Start position: 377 IDENTIFIER g null
Line Number: 9 Start position: 378 SEMICOLON ; null
Line Number: 9 Start position: 380 RIGHT_BRACE } null
Line Number: 10 Start position: 384 IDENTIFIER method8 null
Line Number: 10 Start position: 391 LEFT_PAREN ( null
Line Number: 10 Start position: 392 IDENTIFIER a null
Line Number: 10 Start position: 393 COMMA , null
Line Number: 10 Start position: 395 IDENTIFIER b null
Line Number: 10 Start position: 396 COMMA , null
Line Number: 10 Start position: 398 IDENTIFIER c null
Line Number: 10 Start position: 399 COMMA , null
Line Number: 10 Start position: 401 IDENTIFIER d null
Line Number: 10 Start position: 402 COMMA , null
Line Number: 10 Start position: 404 IDENTIFIER e null
Line Number: 10 Start position: 405 COMMA , null
Line Number: 10 Start position: 407 IDENTIFIER f null
Line Number: 10 Start position: 408 COMMA , null
Line Number: 10 Start position: 410 IDENTIFIER g null
Line Number: 10 Start position: 411 COMMA , null
Line Number: 10 Start position: 413 IDENTIFIER h null
Line Number: 10 Start position: 414 RIGHT_PAREN ) null
Line Number: 10 Start position: 416 LEFT_BRACE { null
Line Number: 10 Start position: 418 RETURN return null
Line Number: 10 Start position: 425 IDENTIFIER a null
Line Number: 10 Start position: 427 PLUS + null
Line Number: 10 Start position: 429 IDENTIFIER b null
Line Number: 10 Start position: 431 PLUS + null
Line Number: 10 Start position: 433 IDENTIFIER c null
Line Number: 10 Start position: 435 PLUS + null
Line Number: 10 Start position: 437 IDENTIFIER d null
Line Number: 10 Start position: 439 PLUS + null
Line Number: 10 Start position: 441 IDENTIFIER e null
Line Number: 10 Start position: 443 PLUS + null
Line Number: 10 Start position: 445 IDENTIFIER f null
Line Number: 10 Start position: 447 PLUS + null
Line Number: 10 Start position: 449 IDENTIFIER g null
Line Number: 10 Start position: 451 PLUS + null
Line Number: 10 Start position: 453 IDENTIFIER h null
Line Number: 10 Start position: 454 SEMICOLON ; null
Line Number: 10 Start position: 456 RIGHT_BRACE } null
Line Number: 11 Start position: 458 RIGHT_BRACE } null
Line Number: 13 Start position: 461 VAR var null
Line Number: 13 Start position: 465 IDENTIFIER foo null
Line Number: 13 Start position: 469 EQUAL = null
Line Number: 13 Start position: 471 IDENTIFIER Foo null
Line Number: 13 Start position: 474 LEFT_PAREN ( null
Line Number: 13 Start position: 475 RIGHT_PAREN ) null
Line Number: 13 Start position: 476 SEMICOLON ; null
Line Number: 14 Start position: 478 PRINT print null
Line Number: 14 Start position: 484 IDENTIFIER foo null
Line Number: 14 Start position: 487 DOT . null
Line Number: 14 Start position: 488 IDENTIFIER method0 null
Line Number: 14 Start position: 495 LEFT_PAREN ( null
Line Number: 14 Start position: 496 RIGHT_PAREN ) null
Line Number: 14 Start position: 497 SEMICOLON ; null
Line Number: 15 Start position: 518 PRINT print null
Line Number: 15 Start position: 524 IDENTIFIER foo null
Line Number: 15 Start position: 527 DOT . null
Line Number: 15 Start position: 528 IDENTIFIER method1 null
Line Number: 15 Start position: 535 LEFT_PAREN ( null
Line Number: 15 Start position: 536 NUMBER 1 1.0
Line Number: 15 Start position: 537 RIGHT_PAREN ) null
Line Number: 15 Start position: 538 SEMICOLON ; null
Line Number: 16 Start position: 553 PRINT print null
Line Number: 16 Start position: 559 IDENTIFIER foo null
Line Number: 16 Start position: 562 DOT . null
Line Number: 16 Start position: 563 IDENTIFIER method2 null
Line Number: 16 Start position: 570 LEFT_PAREN ( null
Line Number: 16 Start position: 571 NUMBER 1 1.0
Line Number: 16 Start position: 572 COMMA , null
Line Number: 16 Start position: 574 NUMBER 2 2.0
Line Number: 16 Start position: 575 RIGHT_PAREN ) null
Line Number: 16 Start position: 576 SEMICOLON ; null
Line Number: 17 Start position: 591 PRINT print null
Line Number: 17 Start position: 597 IDENTIFIER foo null
Line Number: 17 Start position: 600 DOT . null
Line Number: 17 Start position: 601 IDENTIFIER method3 null
Line Number: 17 Start position: 608 LEFT_PAREN ( null
Line Number: 17 Start position: 609 NUMBER 1 1.0
Line Number: 17 Start position: 610 COMMA , null
Line Number: 17 Start position: 612 NUMBER 2 2.0
Line Number: 17 Start position: 613 COMMA , null
Line Number: 17 Start position: 615 NUMBER 3 3.0
Line Number: 17 Start position: 616 RIGHT_PAREN ) null
Line Number: 17 Start position: 617 SEMICOLON ; null
Line Number: 18 Start position: 632 PRINT print null
Line Number: 18 Start position: 638 IDENTIFIER foo null
Line Number: 18 Start position: 641 DOT . null
Line Number: 18 Start position: 642 IDENTIFIER method4 null
Line Number: 18 Start position: 649 LEFT_PAREN ( null
Line Number: 18 Start position: 650 NUMBER 1 1.0
Line Number: 18 Start position: 651 COMMA , null
Line Number: 18 Start position: 653 NUMBER 2 2.0
Line Number: 18 Start position: 654 COMMA , null
Line Number: 18 Start position: 656 NUMBER 3 3.0
Line Number: 18 Start position: 657 COMMA , null
Line Number: 18 Start position: 659 NUMBER 4 4.0
Line Number: 18 Start position: 660 RIGHT_PAREN ) null
Line Number: 18 Start position: 661 SEMICOLON ; null
Line Number: 19 Start position: 677 PRINT print null
Line Number: 19 Start position: 683 IDENTIFIER foo null
Line Number: 19 Start position: 686 DOT . null
Line Number: 19 Start position: 687 IDENTIFIER method5 null
Line Number: 19 Start position: 694 LEFT_PAREN ( null
Line Number: 19 Start position: 695 NUMBER 1 1.0
Line Number: 19 Start position: 696 COMMA , null
Line Number: 19 Start position: 698 NUMBER 2 2.0
Line Number: 19 Start position: 699 COMMA , null
Line Number: 19 Start position: 701 NUMBER 3 3.0
Line Number: 19 Start position: 702 COMMA , null
Line Number: 19 Start position: 704 NUMBER 4 4.0
Line Number: 19 Start position: 705 COMMA , null
Line Number: 19 Start position: 707 NUMBER 5 5.0
Line Number: 19 Start position: 708 RIGHT_PAREN ) null
Line Number: 19 Start position: 709 SEMICOLON ; null
Line Number: 20 Start position: 725 PRINT print null
Line Number: 20 Start position: 731 IDENTIFIER foo null
Line Number: 20 Start position: 734 DOT . null
Line Number: 20 Start position: 735 IDENTIFIER method6 null
Line Number: 20 Start position: 742 LEFT_PAREN ( null
Line Number: 20 Start position: 743 NUMBER 1 1.0
Line Number: 20 Start position: 744 COMMA , null
Line Number: 20 Start position: 746 NUMBER 2 2.0
Line Number: 20 Start position: 747 COMMA , null
Line Number: 20 Start position: 749 NUMBER 3 3.0
Line Number: 20 Start position: 750 COMMA , null
Line Number: 20 Start position: 752 NUMBER 4 4.0
Line Number: 20 Start position: 753 COMMA , null
Line Number: 20 Start position: 755 NUMBER 5 5.0
Line Number: 20 Start position: 756 COMMA , null
Line Number: 20 Start position: 758 NUMBER 6 6.0
Line Number: 20 Start position: 759 RIGHT_PAREN ) null
Line Number: 20 Start position: 760 SEMICOLON ; null
Line Number: 21 Start position: 776 PRINT print null
Line Number: 21 Start position: 782 IDENTIFIER foo null
Line Number: 21 Start position: 785 DOT . null
Line Number: 21 Start position: 786 IDENTIFIER method7 null
Line Number: 21 Start position: 793 LEFT_PAREN ( null
Line Number: 21 Start position: 794 NUMBER 1 1.0
Line Number: 21 Start position: 795 COMMA , null
Line Number: 21 Start position: 797 NUMBER 2 2.0
Line Number: 21 Start position: 798 COMMA , null
Line Number: 21 Start position: 800 NUMBER 3 3.0
Line Number: 21 Start position: 801 COMMA , null
Line Number: 21 Start position: 803 NUMBER 4 4.0
Line Number: 21 Start position: 804 COMMA , null
Line Number: 21 Start position: 806 NUMBER 5 5.0
Line Number: 21 Start position: 807 COMMA , null
Line Number: 21 Start position: 809 NUMBER 6 6.0
Line Number: 21 Start position: 810 COMMA , null
Line Number: 21 Start position: 812 NUMBER 7 7.0
Line Number: 21 Start position: 813 RIGHT_PAREN ) null
Line Number: 21 Start position: 814 SEMICOLON ; null
Line Number: 22 Start position: 830 PRINT print null
Line Number: 22 Start position: 836 IDENTIFIER foo null
Line Number: 22 Start position: 839 DOT . null
Line Number: 22 Start position: 840 IDENTIFIER method8 null
Line Number: 22 Start position: 847 LEFT_PAREN ( null
Line Number: 22 Start position: 848 NUMBER 1 1.0
Line Number: 22 Start position: 849 COMMA , null
Line Number: 22 Start position: 851 NUMBER 2 2.0
Line Number: 22 Start position: 852 COMMA , null
Line Number: 22 Start position: 854 NUMBER 3 3.0
Line Number: 22 Start position: 855 COMMA , null
Line Number: 22 Start position: 857 NUMBER 4 4.0
Line Number: 22 Start position: 858 COMMA , null
Line Number: 22 Start position: 860 NUMBER 5 5.0
Line Number: 22 Start position: 861 COMMA , null
Line Number: 22 Start position: 863 NUMBER 6 6.0
Line Number: 22 Start position: 864 COMMA , null
Line Number: 22 Start position: 866 NUMBER 7 7.0
Line Number: 22 Start position: 867 COMMA , null
Line Number: 22 Start position: 869 NUMBER 8 8.0
Line Number: 22 Start position: 870 RIGHT_PAREN ) null
Line Number: 22 Start position: 871 SEMICOLON ; null
Line Number: 23 Start position: 886 EOF  null
