Line Number: 1 Start position: 0 VAR var null
Line Number: 1 Start position: 4 IDENTIFIER a null
Line Number: 1 Start position: 6 EQUAL = null
Line Number: 3 Start position: 8 STRING "1
2
3" 1
2
3
Line Number: 3 Start position: 15 SEMICOLON ; null
Line Number: 4 Start position: 17 PRINT print null
Line Number: 4 Start position: 23 IDENTIFIER a null
Line Number: 4 Start position: 24 SEMICOLON ; null
Line Number: 8 Start position: 64 EOF  null
