[line 2] Error : Unterminated string.
Line Number: 2 Start position: 40 EOF  null
