Line Number: 2 Start position: 45 DOT . null
Line Number: 2 Start position: 46 NUMBER 123 123.0
Line Number: 2 Start position: 49 SEMICOLON ; null
Line Number: 3 Start position: 50 EOF  null
