Line Number: 1 Start position: 0 VAR var null
Line Number: 1 Start position: 4 IDENTIFIER nan null
Line Number: 1 Start position: 8 EQUAL = null
Line Number: 1 Start position: 10 NUMBER 0 0.0
Line Number: 1 Start position: 11 SLASH / null
Line Number: 1 Start position: 12 NUMBER 0 0.0
Line Number: 1 Start position: 13 SEMICOLON ; null
Line Number: 3 Start position: 16 PRINT print null
Line Number: 3 Start position: 22 IDENTIFIER nan null
Line Number: 3 Start position: 26 EQUAL_EQUAL == null
Line Number: 3 Start position: 29 NUMBER 0 0.0
Line Number: 3 Start position: 30 SEMICOLON ; null
Line Number: 4 Start position: 49 PRINT print null
Line Number: 4 Start position: 55 IDENTIFIER nan null
Line Number: 4 Start position: 59 BANG_EQUAL != null
Line Number: 4 Start position: 62 NUMBER 1 1.0
Line Number: 4 Start position: 63 SEMICOLON ; null
Line Number: 7 Start position: 111 PRINT print null
Line Number: 7 Start position: 117 IDENTIFIER nan null
Line Number: 7 Start position: 121 EQUAL_EQUAL == null
Line Number: 7 Start position: 124 IDENTIFIER nan null
Line Number: 7 Start position: 127 SEMICOLON ; null
Line Number: 8 Start position: 146 PRINT print null
Line Number: 8 Start position: 152 IDENTIFIER nan null
Line Number: 8 Start position: 156 BANG_EQUAL != null
Line Number: 8 Start position: 159 IDENTIFIER nan null
Line Number: 8 Start position: 162 SEMICOLON ; null
Line Number: 9 Start position: 179 EOF  null
