Line Number: 2 Start position: 58 NUMBER 123 123.0
Line Number: 2 Start position: 61 DOT . null
Line Number: 2 Start position: 62 SEMICOLON ; null
Line Number: 3 Start position: 63 EOF  null
