Line Number: 7 Start position: 332 VAR var null
Line Number: 7 Start position: 336 IDENTIFIER closure null
Line Number: 7 Start position: 343 SEMICOLON ; null
Line Number: 9 Start position: 346 LEFT_BRACE { null
Line Number: 10 Start position: 350 VAR var null
Line Number: 10 Start position: 354 IDENTIFIER a null
Line Number: 10 Start position: 356 EQUAL = null
Line Number: 10 Start position: 358 STRING "a" a
Line Number: 10 Start position: 361 SEMICOLON ; null
Line Number: 12 Start position: 366 LEFT_BRACE { null
Line Number: 13 Start position: 372 VAR var null
Line Number: 13 Start position: 376 IDENTIFIER b null
Line Number: 13 Start position: 378 EQUAL = null
Line Number: 13 Start position: 380 STRING "b" b
Line Number: 13 Start position: 383 SEMICOLON ; null
Line Number: 14 Start position: 389 FUN fun null
Line Number: 14 Start position: 393 IDENTIFIER returnA null
Line Number: 14 Start position: 400 LEFT_PAREN ( null
Line Number: 14 Start position: 401 RIGHT_PAREN ) null
Line Number: 14 Start position: 403 LEFT_BRACE { null
Line Number: 15 Start position: 411 RETURN return null
Line Number: 15 Start position: 418 IDENTIFIER a null
Line Number: 15 Start position: 419 SEMICOLON ; null
Line Number: 16 Start position: 425 RIGHT_BRACE } null
Line Number: 18 Start position: 432 IDENTIFIER closure null
Line Number: 18 Start position: 440 EQUAL = null
Line Number: 18 Start position: 442 IDENTIFIER returnA null
Line Number: 18 Start position: 449 SEMICOLON ; null
Line Number: 20 Start position: 456 IF if null
Line Number: 20 Start position: 459 LEFT_PAREN ( null
Line Number: 20 Start position: 460 FALSE false null
Line Number: 20 Start position: 465 RIGHT_PAREN ) null
Line Number: 20 Start position: 467 LEFT_BRACE { null
Line Number: 21 Start position: 475 FUN fun null
Line Number: 21 Start position: 479 IDENTIFIER returnB null
Line Number: 21 Start position: 486 LEFT_PAREN ( null
Line Number: 21 Start position: 487 RIGHT_PAREN ) null
Line Number: 21 Start position: 489 LEFT_BRACE { null
Line Number: 22 Start position: 499 RETURN return null
Line Number: 22 Start position: 506 IDENTIFIER b null
Line Number: 22 Start position: 507 SEMICOLON ; null
Line Number: 23 Start position: 515 RIGHT_BRACE } null
Line Number: 24 Start position: 521 RIGHT_BRACE } null
Line Number: 25 Start position: 525 RIGHT_BRACE } null
Line Number: 27 Start position: 530 PRINT print null
Line Number: 27 Start position: 536 IDENTIFIER closure null
Line Number: 27 Start position: 543 LEFT_PAREN ( null
Line Number: 27 Start position: 544 RIGHT_PAREN ) null
Line Number: 27 Start position: 545 SEMICOLON ; null
Line Number: 28 Start position: 560 RIGHT_BRACE } null
Line Number: 29 Start position: 561 EOF  null
