Line Number: 1 Start position: 0 AND and null
Line Number: 1 Start position: 4 CLASS class null
Line Number: 1 Start position: 10 ELSE else null
Line Number: 1 Start position: 15 FALSE false null
Line Number: 1 Start position: 21 FOR for null
Line Number: 1 Start position: 25 FUN fun null
Line Number: 1 Start position: 29 IF if null
Line Number: 1 Start position: 32 NIL nil null
Line Number: 1 Start position: 36 OR or null
Line Number: 1 Start position: 39 RETURN return null
Line Number: 1 Start position: 46 SUPER super null
Line Number: 1 Start position: 52 THIS this null
Line Number: 1 Start position: 57 TRUE true null
Line Number: 1 Start position: 62 VAR var null
Line Number: 1 Start position: 66 WHILE while null
Line Number: 19 Start position: 477 EOF  null
