Line Number: 1 Start position: 0 LEFT_BRACE { null
Line Number: 2 Start position: 4 VAR var null
Line Number: 2 Start position: 8 IDENTIFIER i null
Line Number: 2 Start position: 10 EQUAL = null
Line Number: 2 Start position: 12 STRING "before" before
Line Number: 2 Start position: 20 SEMICOLON ; null
Line Number: 5 Start position: 62 FOR for null
Line Number: 5 Start position: 66 LEFT_PAREN ( null
Line Number: 5 Start position: 67 VAR var null
Line Number: 5 Start position: 71 IDENTIFIER i null
Line Number: 5 Start position: 73 EQUAL = null
Line Number: 5 Start position: 75 NUMBER 0 0.0
Line Number: 5 Start position: 76 SEMICOLON ; null
Line Number: 5 Start position: 78 IDENTIFIER i null
Line Number: 5 Start position: 80 LESS < null
Line Number: 5 Start position: 82 NUMBER 1 1.0
Line Number: 5 Start position: 83 SEMICOLON ; null
Line Number: 5 Start position: 85 IDENTIFIER i null
Line Number: 5 Start position: 87 EQUAL = null
Line Number: 5 Start position: 89 IDENTIFIER i null
Line Number: 5 Start position: 91 PLUS + null
Line Number: 5 Start position: 93 NUMBER 1 1.0
Line Number: 5 Start position: 94 RIGHT_PAREN ) null
Line Number: 5 Start position: 96 LEFT_BRACE { null
Line Number: 6 Start position: 102 PRINT print null
Line Number: 6 Start position: 108 IDENTIFIER i null
Line Number: 6 Start position: 109 SEMICOLON ; null
Line Number: 9 Start position: 172 VAR var null
Line Number: 9 Start position: 176 IDENTIFIER i null
Line Number: 9 Start position: 178 EQUAL = null
Line Number: 9 Start position: 180 MINUS - null
Line Number: 9 Start position: 181 NUMBER 1 1.0
Line Number: 9 Start position: 182 SEMICOLON ; null
Line Number: 10 Start position: 188 PRINT print null
Line Number: 10 Start position: 194 IDENTIFIER i null
Line Number: 10 Start position: 195 SEMICOLON ; null
Line Number: 11 Start position: 213 RIGHT_BRACE } null
Line Number: 12 Start position: 215 RIGHT_BRACE } null
Line Number: 14 Start position: 218 LEFT_BRACE { null
Line Number: 16 Start position: 264 FOR for null
Line Number: 16 Start position: 268 LEFT_PAREN ( null
Line Number: 16 Start position: 269 VAR var null
Line Number: 16 Start position: 273 IDENTIFIER i null
Line Number: 16 Start position: 275 EQUAL = null
Line Number: 16 Start position: 277 NUMBER 0 0.0
Line Number: 16 Start position: 278 SEMICOLON ; null
Line Number: 16 Start position: 280 IDENTIFIER i null
Line Number: 16 Start position: 282 GREATER > null
Line Number: 16 Start position: 284 NUMBER 0 0.0
Line Number: 16 Start position: 285 SEMICOLON ; null
Line Number: 16 Start position: 287 IDENTIFIER i null
Line Number: 16 Start position: 289 EQUAL = null
Line Number: 16 Start position: 291 IDENTIFIER i null
Line Number: 16 Start position: 293 PLUS + null
Line Number: 16 Start position: 295 NUMBER 1 1.0
Line Number: 16 Start position: 296 RIGHT_PAREN ) null
Line Number: 16 Start position: 298 LEFT_BRACE { null
Line Number: 16 Start position: 299 RIGHT_BRACE } null
Line Number: 19 Start position: 339 VAR var null
Line Number: 19 Start position: 343 IDENTIFIER i null
Line Number: 19 Start position: 345 EQUAL = null
Line Number: 19 Start position: 347 STRING "after" after
Line Number: 19 Start position: 354 SEMICOLON ; null
Line Number: 20 Start position: 358 PRINT print null
Line Number: 20 Start position: 364 IDENTIFIER i null
Line Number: 20 Start position: 365 SEMICOLON ; null
Line Number: 23 Start position: 424 FOR for null
Line Number: 23 Start position: 428 LEFT_PAREN ( null
Line Number: 23 Start position: 429 IDENTIFIER i null
Line Number: 23 Start position: 431 EQUAL = null
Line Number: 23 Start position: 433 NUMBER 0 0.0
Line Number: 23 Start position: 434 SEMICOLON ; null
Line Number: 23 Start position: 436 IDENTIFIER i null
Line Number: 23 Start position: 438 LESS < null
Line Number: 23 Start position: 440 NUMBER 1 1.0
Line Number: 23 Start position: 441 SEMICOLON ; null
Line Number: 23 Start position: 443 IDENTIFIER i null
Line Number: 23 Start position: 445 EQUAL = null
Line Number: 23 Start position: 447 IDENTIFIER i null
Line Number: 23 Start position: 449 PLUS + null
Line Number: 23 Start position: 451 NUMBER 1 1.0
Line Number: 23 Start position: 452 RIGHT_PAREN ) null
Line Number: 23 Start position: 454 LEFT_BRACE { null
Line Number: 24 Start position: 460 PRINT print null
Line Number: 24 Start position: 466 IDENTIFIER i null
Line Number: 24 Start position: 467 SEMICOLON ; null
Line Number: 25 Start position: 484 RIGHT_BRACE } null
Line Number: 26 Start position: 486 RIGHT_BRACE } null
Line Number: 27 Start position: 487 EOF  null
