Line Number: 2 Start position: 27 FOR for null
Line Number: 2 Start position: 31 LEFT_PAREN ( null
Line Number: 2 Start position: 32 VAR var null
Line Number: 2 Start position: 36 IDENTIFIER c null
Line Number: 2 Start position: 38 EQUAL = null
Line Number: 2 Start position: 40 NUMBER 0 0.0
Line Number: 2 Start position: 41 SEMICOLON ; null
Line Number: 2 Start position: 43 IDENTIFIER c null
Line Number: 2 Start position: 45 LESS < null
Line Number: 2 Start position: 47 NUMBER 3 3.0
Line Number: 2 Start position: 48 SEMICOLON ; null
Line Number: 2 Start position: 49 RIGHT_PAREN ) null
Line Number: 2 Start position: 51 PRINT print null
Line Number: 2 Start position: 57 IDENTIFIER c null
Line Number: 2 Start position: 59 EQUAL = null
Line Number: 2 Start position: 61 IDENTIFIER c null
Line Number: 2 Start position: 63 PLUS + null
Line Number: 2 Start position: 65 NUMBER 1 1.0
Line Number: 2 Start position: 66 SEMICOLON ; null
Line Number: 8 Start position: 123 FOR for null
Line Number: 8 Start position: 127 LEFT_PAREN ( null
Line Number: 8 Start position: 128 VAR var null
Line Number: 8 Start position: 132 IDENTIFIER a null
Line Number: 8 Start position: 134 EQUAL = null
Line Number: 8 Start position: 136 NUMBER 0 0.0
Line Number: 8 Start position: 137 SEMICOLON ; null
Line Number: 8 Start position: 139 IDENTIFIER a null
Line Number: 8 Start position: 141 LESS < null
Line Number: 8 Start position: 143 NUMBER 3 3.0
Line Number: 8 Start position: 144 SEMICOLON ; null
Line Number: 8 Start position: 146 IDENTIFIER a null
Line Number: 8 Start position: 148 EQUAL = null
Line Number: 8 Start position: 150 IDENTIFIER a null
Line Number: 8 Start position: 152 PLUS + null
Line Number: 8 Start position: 154 NUMBER 1 1.0
Line Number: 8 Start position: 155 RIGHT_PAREN ) null
Line Number: 8 Start position: 157 LEFT_BRACE { null
Line Number: 9 Start position: 161 PRINT print null
Line Number: 9 Start position: 167 IDENTIFIER a null
Line Number: 9 Start position: 168 SEMICOLON ; null
Line Number: 10 Start position: 170 RIGHT_BRACE } null
Line Number: 16 Start position: 227 FUN fun null
Line Number: 16 Start position: 231 IDENTIFIER foo null
Line Number: 16 Start position: 234 LEFT_PAREN ( null
Line Number: 16 Start position: 235 RIGHT_PAREN ) null
Line Number: 16 Start position: 237 LEFT_BRACE { null
Line Number: 17 Start position: 241 FOR for null
Line Number: 17 Start position: 245 LEFT_PAREN ( null
Line Number: 17 Start position: 246 SEMICOLON ; null
Line Number: 17 Start position: 247 SEMICOLON ; null
Line Number: 17 Start position: 248 RIGHT_PAREN ) null
Line Number: 17 Start position: 250 RETURN return null
Line Number: 17 Start position: 257 STRING "done" done
Line Number: 17 Start position: 263 SEMICOLON ; null
Line Number: 18 Start position: 265 RIGHT_BRACE } null
Line Number: 19 Start position: 267 PRINT print null
Line Number: 19 Start position: 273 IDENTIFIER foo null
Line Number: 19 Start position: 276 LEFT_PAREN ( null
Line Number: 19 Start position: 277 RIGHT_PAREN ) null
Line Number: 19 Start position: 278 SEMICOLON ; null
Line Number: 22 Start position: 313 VAR var null
Line Number: 22 Start position: 317 IDENTIFIER i null
Line Number: 22 Start position: 319 EQUAL = null
Line Number: 22 Start position: 321 NUMBER 0 0.0
Line Number: 22 Start position: 322 SEMICOLON ; null
Line Number: 23 Start position: 324 FOR for null
Line Number: 23 Start position: 328 LEFT_PAREN ( null
Line Number: 23 Start position: 329 SEMICOLON ; null
Line Number: 23 Start position: 331 IDENTIFIER i null
Line Number: 23 Start position: 333 LESS < null
Line Number: 23 Start position: 335 NUMBER 2 2.0
Line Number: 23 Start position: 336 SEMICOLON ; null
Line Number: 23 Start position: 338 IDENTIFIER i null
Line Number: 23 Start position: 340 EQUAL = null
Line Number: 23 Start position: 342 IDENTIFIER i null
Line Number: 23 Start position: 344 PLUS + null
Line Number: 23 Start position: 346 NUMBER 1 1.0
Line Number: 23 Start position: 347 RIGHT_PAREN ) null
Line Number: 23 Start position: 349 PRINT print null
Line Number: 23 Start position: 355 IDENTIFIER i null
Line Number: 23 Start position: 356 SEMICOLON ; null
Line Number: 28 Start position: 402 FUN fun null
Line Number: 28 Start position: 406 IDENTIFIER bar null
Line Number: 28 Start position: 409 LEFT_PAREN ( null
Line Number: 28 Start position: 410 RIGHT_PAREN ) null
Line Number: 28 Start position: 412 LEFT_BRACE { null
Line Number: 29 Start position: 416 FOR for null
Line Number: 29 Start position: 420 LEFT_PAREN ( null
Line Number: 29 Start position: 421 VAR var null
Line Number: 29 Start position: 425 IDENTIFIER i null
Line Number: 29 Start position: 427 EQUAL = null
Line Number: 29 Start position: 429 NUMBER 0 0.0
Line Number: 29 Start position: 430 SEMICOLON ; null
Line Number: 29 Start position: 431 SEMICOLON ; null
Line Number: 29 Start position: 433 IDENTIFIER i null
Line Number: 29 Start position: 435 EQUAL = null
Line Number: 29 Start position: 437 IDENTIFIER i null
Line Number: 29 Start position: 439 PLUS + null
Line Number: 29 Start position: 441 NUMBER 1 1.0
Line Number: 29 Start position: 442 RIGHT_PAREN ) null
Line Number: 29 Start position: 444 LEFT_BRACE { null
Line Number: 30 Start position: 450 PRINT print null
Line Number: 30 Start position: 456 IDENTIFIER i null
Line Number: 30 Start position: 457 SEMICOLON ; null
Line Number: 31 Start position: 463 IF if null
Line Number: 31 Start position: 466 LEFT_PAREN ( null
Line Number: 31 Start position: 467 IDENTIFIER i null
Line Number: 31 Start position: 469 GREATER_EQUAL >= null
Line Number: 31 Start position: 472 NUMBER 2 2.0
Line Number: 31 Start position: 473 RIGHT_PAREN ) null
Line Number: 31 Start position: 475 RETURN return null
Line Number: 31 Start position: 481 SEMICOLON ; null
Line Number: 32 Start position: 485 RIGHT_BRACE } null
Line Number: 33 Start position: 487 RIGHT_BRACE } null
Line Number: 34 Start position: 489 IDENTIFIER bar null
Line Number: 34 Start position: 492 LEFT_PAREN ( null
Line Number: 34 Start position: 493 RIGHT_PAREN ) null
Line Number: 34 Start position: 494 SEMICOLON ; null
Line Number: 40 Start position: 553 FOR for null
Line Number: 40 Start position: 557 LEFT_PAREN ( null
Line Number: 40 Start position: 558 VAR var null
Line Number: 40 Start position: 562 IDENTIFIER i null
Line Number: 40 Start position: 564 EQUAL = null
Line Number: 40 Start position: 566 NUMBER 0 0.0
Line Number: 40 Start position: 567 SEMICOLON ; null
Line Number: 40 Start position: 569 IDENTIFIER i null
Line Number: 40 Start position: 571 LESS < null
Line Number: 40 Start position: 573 NUMBER 2 2.0
Line Number: 40 Start position: 574 SEMICOLON ; null
Line Number: 40 Start position: 575 RIGHT_PAREN ) null
Line Number: 40 Start position: 577 LEFT_BRACE { null
Line Number: 41 Start position: 581 PRINT print null
Line Number: 41 Start position: 587 IDENTIFIER i null
Line Number: 41 Start position: 588 SEMICOLON ; null
Line Number: 42 Start position: 592 IDENTIFIER i null
Line Number: 42 Start position: 594 EQUAL = null
Line Number: 42 Start position: 596 IDENTIFIER i null
Line Number: 42 Start position: 598 PLUS + null
Line Number: 42 Start position: 600 NUMBER 1 1.0
Line Number: 42 Start position: 601 SEMICOLON ; null
Line Number: 43 Start position: 603 RIGHT_BRACE } null
Line Number: 48 Start position: 653 FOR for null
Line Number: 48 Start position: 657 LEFT_PAREN ( null
Line Number: 48 Start position: 658 SEMICOLON ; null
Line Number: 48 Start position: 660 FALSE false null
Line Number: 48 Start position: 665 SEMICOLON ; null
Line Number: 48 Start position: 666 RIGHT_PAREN ) null
Line Number: 48 Start position: 668 IF if null
Line Number: 48 Start position: 671 LEFT_PAREN ( null
Line Number: 48 Start position: 672 TRUE true null
Line Number: 48 Start position: 676 RIGHT_PAREN ) null
Line Number: 48 Start position: 678 NUMBER 1 1.0
Line Number: 48 Start position: 679 SEMICOLON ; null
Line Number: 48 Start position: 681 ELSE else null
Line Number: 48 Start position: 686 NUMBER 2 2.0
Line Number: 48 Start position: 687 SEMICOLON ; null
Line Number: 49 Start position: 689 FOR for null
Line Number: 49 Start position: 693 LEFT_PAREN ( null
Line Number: 49 Start position: 694 SEMICOLON ; null
Line Number: 49 Start position: 696 FALSE false null
Line Number: 49 Start position: 701 SEMICOLON ; null
Line Number: 49 Start position: 702 RIGHT_PAREN ) null
Line Number: 49 Start position: 704 WHILE while null
Line Number: 49 Start position: 710 LEFT_PAREN ( null
Line Number: 49 Start position: 711 TRUE true null
Line Number: 49 Start position: 715 RIGHT_PAREN ) null
Line Number: 49 Start position: 717 NUMBER 1 1.0
Line Number: 49 Start position: 718 SEMICOLON ; null
Line Number: 50 Start position: 720 FOR for null
Line Number: 50 Start position: 724 LEFT_PAREN ( null
Line Number: 50 Start position: 725 SEMICOLON ; null
Line Number: 50 Start position: 727 FALSE false null
Line Number: 50 Start position: 732 SEMICOLON ; null
Line Number: 50 Start position: 733 RIGHT_PAREN ) null
Line Number: 50 Start position: 735 FOR for null
Line Number: 50 Start position: 739 LEFT_PAREN ( null
Line Number: 50 Start position: 740 SEMICOLON ; null
Line Number: 50 Start position: 741 SEMICOLON ; null
Line Number: 50 Start position: 742 RIGHT_PAREN ) null
Line Number: 50 Start position: 744 NUMBER 1 1.0
Line Number: 50 Start position: 745 SEMICOLON ; null
Line Number: 51 Start position: 746 EOF  null
