Line Number: 1 Start position: 0 NUMBER 1 1.0
Line Number: 1 Start position: 2 LESS_EQUAL <= null
Line Number: 1 Start position: 5 STRING "1" 1
Line Number: 1 Start position: 8 SEMICOLON ; null
Line Number: 2 Start position: 60 EOF  null
